
> ashmark@0.1.0 build
> next build

   Γû▓ Next.js 15.5.7
   - Environments: .env

   Creating an optimized production build ...
node.exe : Failed to 
compile.
At line:1 char:1
+ & "C:\Program Files
\nodejs/node.exe" "C:
\Users\kshat\AppData\
Roaming\ ...
+ ~~~~~~~~~~~~~~~~~~~
~~~~~~~~~~~~~~~~~~~~~
~~~~~~~~~~~~~~~~~~~~~
~~~~~~~~
    + CategoryInfo   
           : NotSpe  
  cified: (Failed    
 to compile.:Stri    
ng) [], RemoteEx    
ception
    + FullyQualified 
   ErrorId : Native  
  CommandError
 

./src/app/admin/produ
cts/[productId]/story
/page.tsx
Module not found: 
Can't resolve '@/comp
onents/admin/products
/product-story-form'

https://nextjs.org/do
cs/messages/module-no
t-found


> Build failed 
because of webpack 
errors
